Archive member included because of file (symbol)

C:/WinAVR/lib/gcc/avr/3.4.6\libgcc.a(_copy_data.o)
                              obj/main.o (__do_copy_data)
C:/WinAVR/lib/gcc/avr/3.4.6\libgcc.a(_clear_bss.o)
                              obj/main.o (__do_clear_bss)

Memory Configuration

Name             Origin             Length             Attributes
text             0x00000000         0x00002000         xr
data             0x00800060         0x0000ffa0         rw !x
eeprom           0x00810000         0x00010000         rw !x
*default*        0x00000000         0xffffffff

Linker script and memory map

LOAD C:/WinAVR/bin/../lib/gcc/avr/3.4.6/../../../../avr/lib/crttn2313.o
LOAD obj/main.o
LOAD C:/WinAVR/bin/../lib/gcc/avr/3.4.6/../../../../avr/lib\libm.a
LOAD C:/WinAVR/lib/gcc/avr/3.4.6\libgcc.a
LOAD C:/WinAVR/bin/../lib/gcc/avr/3.4.6/../../../../avr/lib\libc.a
LOAD C:/WinAVR/lib/gcc/avr/3.4.6\libgcc.a

.hash
 *(.hash)

.dynsym
 *(.dynsym)

.dynstr
 *(.dynstr)

.gnu.version
 *(.gnu.version)

.gnu.version_d
 *(.gnu.version_d)

.gnu.version_r
 *(.gnu.version_r)

.rel.init
 *(.rel.init)

.rela.init
 *(.rela.init)

.rel.text
 *(.rel.text)
 *(.rel.text.*)
 *(.rel.gnu.linkonce.t*)

.rela.text
 *(.rela.text)
 *(.rela.text.*)
 *(.rela.gnu.linkonce.t*)

.rel.fini
 *(.rel.fini)

.rela.fini
 *(.rela.fini)

.rel.rodata
 *(.rel.rodata)
 *(.rel.rodata.*)
 *(.rel.gnu.linkonce.r*)

.rela.rodata
 *(.rela.rodata)
 *(.rela.rodata.*)
 *(.rela.gnu.linkonce.r*)

.rel.data
 *(.rel.data)
 *(.rel.data.*)
 *(.rel.gnu.linkonce.d*)

.rela.data
 *(.rela.data)
 *(.rela.data.*)
 *(.rela.gnu.linkonce.d*)

.rel.ctors
 *(.rel.ctors)

.rela.ctors
 *(.rela.ctors)

.rel.dtors
 *(.rel.dtors)

.rela.dtors
 *(.rela.dtors)

.rel.got
 *(.rel.got)

.rela.got
 *(.rela.got)

.rel.bss
 *(.rel.bss)

.rela.bss
 *(.rela.bss)

.rel.plt
 *(.rel.plt)

.rela.plt
 *(.rela.plt)

.text           0x00000000       0x98
 *(.vectors)
 .vectors       0x00000000       0x26 C:/WinAVR/bin/../lib/gcc/avr/3.4.6/../../../../avr/lib/crttn2313.o
                0x00000000                __vectors
                0x00000000                __vector_default
                0x00000026                __ctors_start = .
 *(.ctors)
                0x00000026                __ctors_end = .
                0x00000026                __dtors_start = .
 *(.dtors)
                0x00000026                __dtors_end = .
 *(.progmem.gcc*)
 *(.progmem*)
                0x00000026                . = ALIGN (0x2)
 *(.init0)
 *(.init1)
 *(.init2)
 .init2         0x00000026        0x8 C:/WinAVR/bin/../lib/gcc/avr/3.4.6/../../../../avr/lib/crttn2313.o
 *(.init3)
 *(.init4)
 .init4         0x0000002e       0x18 C:/WinAVR/lib/gcc/avr/3.4.6\libgcc.a(_copy_data.o)
                0x0000002e                __do_copy_data
 .init4         0x00000046       0x10 C:/WinAVR/lib/gcc/avr/3.4.6\libgcc.a(_clear_bss.o)
                0x00000046                __do_clear_bss
 *(.init5)
 *(.init6)
 *(.init7)
 *(.init8)
 *(.init9)
 .init9         0x00000056        0x2 C:/WinAVR/bin/../lib/gcc/avr/3.4.6/../../../../avr/lib/crttn2313.o
 *(.text)
 .text          0x00000058        0x2 C:/WinAVR/bin/../lib/gcc/avr/3.4.6/../../../../avr/lib/crttn2313.o
                0x00000058                __vector_1
                0x00000058                __vector_12
                0x00000058                __bad_interrupt
                0x00000058                __vector_6
                0x00000058                __vector_3
                0x00000058                __vector_11
                0x00000058                __vector_13
                0x00000058                __vector_17
                0x00000058                __vector_7
                0x00000058                __vector_5
                0x00000058                __vector_4
                0x00000058                __vector_9
                0x00000058                __vector_2
                0x00000058                __vector_15
                0x00000058                __vector_8
                0x00000058                __vector_14
                0x00000058                __vector_10
                0x00000058                __vector_16
                0x00000058                __vector_18
 .text          0x0000005a       0x3e obj/main.o
                0x0000005a                ports_init
                0x00000060                pwm_init
                0x00000086                main
                0x00000098                . = ALIGN (0x2)
 *(.text.*)
                0x00000098                . = ALIGN (0x2)
 *(.fini9)
 *(.fini8)
 *(.fini7)
 *(.fini6)
 *(.fini5)
 *(.fini4)
 *(.fini3)
 *(.fini2)
 *(.fini1)
 *(.fini0)
                0x00000098                _etext = .

.data           0x00800060        0x0 load address 0x00000098
                0x00800060                PROVIDE (__data_start, .)
 *(.data)
 *(.gnu.linkonce.d*)
                0x00800060                . = ALIGN (0x2)
                0x00800060                _edata = .
                0x00800060                PROVIDE (__data_end, .)

.bss            0x00800060        0x0
                0x00800060                PROVIDE (__bss_start, .)
 *(.bss)
 *(COMMON)
                0x00800060                PROVIDE (__bss_end, .)
                0x00000098                __data_load_start = LOADADDR (.data)
                0x00000098                __data_load_end = (__data_load_start + SIZEOF (.data))

.noinit         0x00800060        0x0
                0x00800060                PROVIDE (__noinit_start, .)
 *(.noinit*)
                0x00800060                PROVIDE (__noinit_end, .)
                0x00800060                _end = .
                0x00800060                PROVIDE (__heap_start, .)

.eeprom         0x00810000        0x0
 *(.eeprom*)
                0x00810000                __eeprom_end = .

.stab           0x00000000      0x354
 *(.stab)
 .stab          0x00000000      0x354 C:/WinAVR/bin/../lib/gcc/avr/3.4.6/../../../../avr/lib/crttn2313.o

.stabstr        0x00000000       0x84
 *(.stabstr)
 .stabstr       0x00000000       0x84 C:/WinAVR/bin/../lib/gcc/avr/3.4.6/../../../../avr/lib/crttn2313.o

.stab.excl
 *(.stab.excl)

.stab.exclstr
 *(.stab.exclstr)

.stab.index
 *(.stab.index)

.stab.indexstr
 *(.stab.indexstr)

.comment
 *(.comment)

.debug
 *(.debug)

.line
 *(.line)

.debug_srcinfo
 *(.debug_srcinfo)

.debug_sfnames
 *(.debug_sfnames)

.debug_aranges  0x00000000       0x14
 *(.debug_aranges)
 .debug_aranges
                0x00000000       0x14 obj/main.o

.debug_pubnames
                0x00000000       0x37
 *(.debug_pubnames)
 .debug_pubnames
                0x00000000       0x37 obj/main.o

.debug_info     0x00000000       0x9a
 *(.debug_info)
 .debug_info    0x00000000       0x9a obj/main.o
 *(.gnu.linkonce.wi.*)

.debug_abbrev   0x00000000       0x52
 *(.debug_abbrev)
 .debug_abbrev  0x00000000       0x52 obj/main.o

.debug_line     0x00000000       0xd8
 *(.debug_line)
 .debug_line    0x00000000       0xd8 obj/main.o

.debug_frame
 *(.debug_frame)

.debug_str      0x00000000       0x85
 *(.debug_str)
 .debug_str     0x00000000       0x85 obj/main.o
                                 0xb9 (size before relaxing)

.debug_loc
 *(.debug_loc)

.debug_macinfo
 *(.debug_macinfo)
OUTPUT(main.elf elf32-avr)

Cross Reference Table

Symbol                                            File
__bad_interrupt                                   C:/WinAVR/bin/../lib/gcc/avr/3.4.6/../../../../avr/lib/crttn2313.o
__bss_end                                         C:/WinAVR/lib/gcc/avr/3.4.6\libgcc.a(_clear_bss.o)
__bss_start                                       C:/WinAVR/lib/gcc/avr/3.4.6\libgcc.a(_clear_bss.o)
__data_end                                        C:/WinAVR/lib/gcc/avr/3.4.6\libgcc.a(_copy_data.o)
__data_load_start                                 C:/WinAVR/lib/gcc/avr/3.4.6\libgcc.a(_copy_data.o)
__data_start                                      C:/WinAVR/lib/gcc/avr/3.4.6\libgcc.a(_copy_data.o)
__do_clear_bss                                    C:/WinAVR/lib/gcc/avr/3.4.6\libgcc.a(_clear_bss.o)
                                                  obj/main.o
__do_copy_data                                    C:/WinAVR/lib/gcc/avr/3.4.6\libgcc.a(_copy_data.o)
                                                  obj/main.o
__heap_end                                        C:/WinAVR/bin/../lib/gcc/avr/3.4.6/../../../../avr/lib/crttn2313.o
__init                                            C:/WinAVR/bin/../lib/gcc/avr/3.4.6/../../../../avr/lib/crttn2313.o
__stack                                           C:/WinAVR/bin/../lib/gcc/avr/3.4.6/../../../../avr/lib/crttn2313.o
                                                  obj/main.o
__vector_1                                        C:/WinAVR/bin/../lib/gcc/avr/3.4.6/../../../../avr/lib/crttn2313.o
__vector_10                                       C:/WinAVR/bin/../lib/gcc/avr/3.4.6/../../../../avr/lib/crttn2313.o
__vector_11                                       C:/WinAVR/bin/../lib/gcc/avr/3.4.6/../../../../avr/lib/crttn2313.o
__vector_12                                       C:/WinAVR/bin/../lib/gcc/avr/3.4.6/../../../../avr/lib/crttn2313.o
__vector_13                                       C:/WinAVR/bin/../lib/gcc/avr/3.4.6/../../../../avr/lib/crttn2313.o
__vector_14                                       C:/WinAVR/bin/../lib/gcc/avr/3.4.6/../../../../avr/lib/crttn2313.o
__vector_15                                       C:/WinAVR/bin/../lib/gcc/avr/3.4.6/../../../../avr/lib/crttn2313.o
__vector_16                                       C:/WinAVR/bin/../lib/gcc/avr/3.4.6/../../../../avr/lib/crttn2313.o
__vector_17                                       C:/WinAVR/bin/../lib/gcc/avr/3.4.6/../../../../avr/lib/crttn2313.o
__vector_18                                       C:/WinAVR/bin/../lib/gcc/avr/3.4.6/../../../../avr/lib/crttn2313.o
__vector_2                                        C:/WinAVR/bin/../lib/gcc/avr/3.4.6/../../../../avr/lib/crttn2313.o
__vector_3                                        C:/WinAVR/bin/../lib/gcc/avr/3.4.6/../../../../avr/lib/crttn2313.o
__vector_4                                        C:/WinAVR/bin/../lib/gcc/avr/3.4.6/../../../../avr/lib/crttn2313.o
__vector_5                                        C:/WinAVR/bin/../lib/gcc/avr/3.4.6/../../../../avr/lib/crttn2313.o
__vector_6                                        C:/WinAVR/bin/../lib/gcc/avr/3.4.6/../../../../avr/lib/crttn2313.o
__vector_7                                        C:/WinAVR/bin/../lib/gcc/avr/3.4.6/../../../../avr/lib/crttn2313.o
__vector_8                                        C:/WinAVR/bin/../lib/gcc/avr/3.4.6/../../../../avr/lib/crttn2313.o
__vector_9                                        C:/WinAVR/bin/../lib/gcc/avr/3.4.6/../../../../avr/lib/crttn2313.o
__vector_default                                  C:/WinAVR/bin/../lib/gcc/avr/3.4.6/../../../../avr/lib/crttn2313.o
__vectors                                         C:/WinAVR/bin/../lib/gcc/avr/3.4.6/../../../../avr/lib/crttn2313.o
main                                              obj/main.o
                                                  C:/WinAVR/bin/../lib/gcc/avr/3.4.6/../../../../avr/lib/crttn2313.o
ports_init                                        obj/main.o
pwm_init                                          obj/main.o
