   1               		.file	"main.c"
   2               	__SREG__ = 0x3f
   3               	__SP_H__ = 0x3e
   4               	__SP_L__ = 0x3d
   5               	__CCP__  = 0x34
   6               	__tmp_reg__ = 0
   7               	__zero_reg__ = 1
  15               	.Ltext0:
  16               	.global	main
  18               	main:
  19               	.LFB6:
  20               	.LM1:
  21               	/* prologue: function */
  22               	/* frame size = 0 */
  23               	.LM2:
  24 0000 8FEF      		ldi r24,lo8(-1)
  25 0002 81BB      		out 49-32,r24
  26               	.LM3:
  27 0004 12BA      		out 50-32,__zero_reg__
  28               	.L2:
  29               	.LM4:
  30 0006 969A      		sbi 50-32,6
  31               	.LM5:
  32 0008 9198      		cbi 50-32,1
  33               	.LM6:
  34 000a 939A      		sbi 50-32,3
  35               	.LM7:
  36 000c 9298      		cbi 50-32,2
  37 000e 00C0      		rjmp .L2
  38               	.LFE6:
  64               	.Letext0:
DEFINED SYMBOLS
                            *ABS*:00000000 main.c
C:\Users\YATEEN~1\AppData\Local\Temp/ccMYDpTd.s:2      *ABS*:0000003f __SREG__
C:\Users\YATEEN~1\AppData\Local\Temp/ccMYDpTd.s:3      *ABS*:0000003e __SP_H__
C:\Users\YATEEN~1\AppData\Local\Temp/ccMYDpTd.s:4      *ABS*:0000003d __SP_L__
C:\Users\YATEEN~1\AppData\Local\Temp/ccMYDpTd.s:5      *ABS*:00000034 __CCP__
C:\Users\YATEEN~1\AppData\Local\Temp/ccMYDpTd.s:6      *ABS*:00000000 __tmp_reg__
C:\Users\YATEEN~1\AppData\Local\Temp/ccMYDpTd.s:7      *ABS*:00000001 __zero_reg__
C:\Users\YATEEN~1\AppData\Local\Temp/ccMYDpTd.s:18     .text:00000000 main

NO UNDEFINED SYMBOLS
