Archive member included because of file (symbol)

C:/WinAVR/bin/../lib/gcc/avr/3.4.6/../../../../avr/lib/avr4\libm.a(addsf3.o)
                              obj/main.o (__subsf3)
C:/WinAVR/bin/../lib/gcc/avr/3.4.6/../../../../avr/lib/avr4\libm.a(addsf3x.o)
                              C:/WinAVR/bin/../lib/gcc/avr/3.4.6/../../../../avr/lib/avr4\libm.a(addsf3.o) (__addsf3x)
C:/WinAVR/bin/../lib/gcc/avr/3.4.6/../../../../avr/lib/avr4\libm.a(fixsfsi.o)
                              obj/main.o (__fixsfsi)
C:/WinAVR/bin/../lib/gcc/avr/3.4.6/../../../../avr/lib/avr4\libm.a(floatsisf.o)
                              obj/main.o (__floatsisf)
C:/WinAVR/bin/../lib/gcc/avr/3.4.6/../../../../avr/lib/avr4\libm.a(fp_merge.o)
                              C:/WinAVR/bin/../lib/gcc/avr/3.4.6/../../../../avr/lib/avr4\libm.a(addsf3.o) (__fp_merge)
C:/WinAVR/bin/../lib/gcc/avr/3.4.6/../../../../avr/lib/avr4\libm.a(fp_split.o)
                              C:/WinAVR/bin/../lib/gcc/avr/3.4.6/../../../../avr/lib/avr4\libm.a(addsf3.o) (__fp_split3)
C:/WinAVR/bin/../lib/gcc/avr/3.4.6/../../../../avr/lib/avr4\libm.a(fp_zero.o)
                              C:/WinAVR/bin/../lib/gcc/avr/3.4.6/../../../../avr/lib/avr4\libm.a(fixsfsi.o) (__fp_zero)
C:/WinAVR/bin/../lib/gcc/avr/3.4.6/../../../../avr/lib/avr4\libm.a(mulsf3.o)
                              obj/main.o (__mulsf3)
C:/WinAVR/bin/../lib/gcc/avr/3.4.6/../../../../avr/lib/avr4\libm.a(mulsf3x.o)
                              C:/WinAVR/bin/../lib/gcc/avr/3.4.6/../../../../avr/lib/avr4\libm.a(mulsf3.o) (__mulsf3x)
C:/WinAVR/bin/../lib/gcc/avr/3.4.6/../../../../avr/lib/avr4\libm.a(fp_nan.o)
                              C:/WinAVR/bin/../lib/gcc/avr/3.4.6/../../../../avr/lib/avr4\libm.a(fp_split.o) (__fp_nan)
C:/WinAVR/lib/gcc/avr/3.4.6/avr4\libgcc.a(_divmodhi4.o)
                              obj/main.o (__divmodhi4)
C:/WinAVR/lib/gcc/avr/3.4.6/avr4\libgcc.a(_divmodsi4.o)
                              obj/main.o (__divmodsi4)
C:/WinAVR/lib/gcc/avr/3.4.6/avr4\libgcc.a(_copy_data.o)
                              obj/main.o (__do_copy_data)
C:/WinAVR/lib/gcc/avr/3.4.6/avr4\libgcc.a(_clear_bss.o)
                              obj/main.o (__do_clear_bss)
C:/WinAVR/lib/gcc/avr/3.4.6/avr4\libgcc.a(_udivmodhi4.o)
                              C:/WinAVR/lib/gcc/avr/3.4.6/avr4\libgcc.a(_divmodhi4.o) (__udivmodhi4)
C:/WinAVR/lib/gcc/avr/3.4.6/avr4\libgcc.a(_udivmodsi4.o)
                              C:/WinAVR/lib/gcc/avr/3.4.6/avr4\libgcc.a(_divmodsi4.o) (__udivmodsi4)

Allocating common symbols
Common symbol       size              file

result              0x2               obj/main.o

Memory Configuration

Name             Origin             Length             Attributes
text             0x00000000         0x00002000         xr
data             0x00800060         0x0000ffa0         rw !x
eeprom           0x00810000         0x00010000         rw !x
*default*        0x00000000         0xffffffff

Linker script and memory map

LOAD C:/WinAVR/bin/../lib/gcc/avr/3.4.6/../../../../avr/lib/avr4/crtm8.o
LOAD obj/main.o
LOAD C:/WinAVR/bin/../lib/gcc/avr/3.4.6/../../../../avr/lib/avr4\libm.a
LOAD C:/WinAVR/lib/gcc/avr/3.4.6/avr4\libgcc.a
LOAD C:/WinAVR/bin/../lib/gcc/avr/3.4.6/../../../../avr/lib/avr4\libc.a
LOAD C:/WinAVR/lib/gcc/avr/3.4.6/avr4\libgcc.a

.hash
 *(.hash)

.dynsym
 *(.dynsym)

.dynstr
 *(.dynstr)

.gnu.version
 *(.gnu.version)

.gnu.version_d
 *(.gnu.version_d)

.gnu.version_r
 *(.gnu.version_r)

.rel.init
 *(.rel.init)

.rela.init
 *(.rela.init)

.rel.text
 *(.rel.text)
 *(.rel.text.*)
 *(.rel.gnu.linkonce.t*)

.rela.text
 *(.rela.text)
 *(.rela.text.*)
 *(.rela.gnu.linkonce.t*)

.rel.fini
 *(.rel.fini)

.rela.fini
 *(.rela.fini)

.rel.rodata
 *(.rel.rodata)
 *(.rel.rodata.*)
 *(.rel.gnu.linkonce.r*)

.rela.rodata
 *(.rela.rodata)
 *(.rela.rodata.*)
 *(.rela.gnu.linkonce.r*)

.rel.data
 *(.rel.data)
 *(.rel.data.*)
 *(.rel.gnu.linkonce.d*)

.rela.data
 *(.rela.data)
 *(.rela.data.*)
 *(.rela.gnu.linkonce.d*)

.rel.ctors
 *(.rel.ctors)

.rela.ctors
 *(.rela.ctors)

.rel.dtors
 *(.rel.dtors)

.rela.dtors
 *(.rela.dtors)

.rel.got
 *(.rel.got)

.rela.got
 *(.rela.got)

.rel.bss
 *(.rel.bss)

.rela.bss
 *(.rela.bss)

.rel.plt
 *(.rel.plt)

.rela.plt
 *(.rela.plt)

.text           0x00000000      0x67e
 *(.vectors)
 .vectors       0x00000000       0x26 C:/WinAVR/bin/../lib/gcc/avr/3.4.6/../../../../avr/lib/avr4/crtm8.o
                0x00000000                __vectors
                0x00000000                __vector_default
                0x00000026                __ctors_start = .
 *(.ctors)
                0x00000026                __ctors_end = .
                0x00000026                __dtors_start = .
 *(.dtors)
                0x00000026                __dtors_end = .
 *(.progmem.gcc*)
 *(.progmem*)
                0x00000026                . = ALIGN (0x2)
 *(.init0)
 *(.init1)
 *(.init2)
 .init2         0x00000026        0xc C:/WinAVR/bin/../lib/gcc/avr/3.4.6/../../../../avr/lib/avr4/crtm8.o
 *(.init3)
 *(.init4)
 .init4         0x00000032       0x16 C:/WinAVR/lib/gcc/avr/3.4.6/avr4\libgcc.a(_copy_data.o)
                0x00000032                __do_copy_data
 .init4         0x00000048       0x10 C:/WinAVR/lib/gcc/avr/3.4.6/avr4\libgcc.a(_clear_bss.o)
                0x00000048                __do_clear_bss
 *(.init5)
 *(.init6)
 *(.init7)
 *(.init8)
 *(.init9)
 .init9         0x00000058        0x2 C:/WinAVR/bin/../lib/gcc/avr/3.4.6/../../../../avr/lib/avr4/crtm8.o
 *(.text)
 .text          0x0000005a        0x2 C:/WinAVR/bin/../lib/gcc/avr/3.4.6/../../../../avr/lib/avr4/crtm8.o
                0x0000005a                __vector_1
                0x0000005a                __vector_12
                0x0000005a                __bad_interrupt
                0x0000005a                __vector_6
                0x0000005a                __vector_3
                0x0000005a                __vector_11
                0x0000005a                __vector_13
                0x0000005a                __vector_17
                0x0000005a                __vector_7
                0x0000005a                __vector_5
                0x0000005a                __vector_4
                0x0000005a                __vector_9
                0x0000005a                __vector_2
                0x0000005a                __vector_15
                0x0000005a                __vector_8
                0x0000005a                __vector_10
                0x0000005a                __vector_16
                0x0000005a                __vector_18
 .text          0x0000005c      0x35a obj/main.o
                0x00000144                lcd_showvalue
                0x00000322                lcd_gotoxy1
                0x000000ee                lcd_char
                0x0000005c                ports_init
                0x00000064                WaitMs
                0x00000328                lcd_gotoxy2
                0x00000102                lcd_string
                0x000000a0                lcd_init
                0x0000038c                main
                0x00000080                toggleE
                0x00000284                lcd_showvaluef
                0x0000008c                lcd_cmd
                0x000000c4                dely_ns
                0x0000032e                __vector_14
                0x000003b6                . = ALIGN (0x2)
 *(.text.*)
 .text.fplib    0x000003b6        0xa C:/WinAVR/bin/../lib/gcc/avr/3.4.6/../../../../avr/lib/avr4\libm.a(addsf3.o)
                0x000003b6                __subsf3
                0x000003b8                __addsf3
 .text.fplib    0x000003c0       0x7c C:/WinAVR/bin/../lib/gcc/avr/3.4.6/../../../../avr/lib/avr4\libm.a(addsf3x.o)
                0x000003c0                __addsf3x
 .text.fplib    0x0000043c       0x36 C:/WinAVR/bin/../lib/gcc/avr/3.4.6/../../../../avr/lib/avr4\libm.a(fixsfsi.o)
                0x0000043c                __fixsfsi
                0x00000462                __fp_lneg
                0x0000043c                __fixunssfsi
 .text.fplib    0x00000472       0x18 C:/WinAVR/bin/../lib/gcc/avr/3.4.6/../../../../avr/lib/avr4\libm.a(floatsisf.o)
                0x00000476                __floatsisf
                0x00000472                __floatunssisf
 .text.fplib    0x0000048a       0x3a C:/WinAVR/bin/../lib/gcc/avr/3.4.6/../../../../avr/lib/avr4\libm.a(fp_merge.o)
                0x00000494                __fp_merge
 .text.fplib    0x000004c4       0x52 C:/WinAVR/bin/../lib/gcc/avr/3.4.6/../../../../avr/lib/avr4\libm.a(fp_split.o)
                0x000004c4                __fp_split3
                0x000004ca                __fp_split2
                0x000004dc                __fp_split1
                0x000004f8                __fp_split_a
 .text.fplib    0x00000516        0xa C:/WinAVR/bin/../lib/gcc/avr/3.4.6/../../../../avr/lib/avr4\libm.a(fp_zero.o)
                0x00000516                __fp_zero
                0x0000051c                __fp_zerox
 .text.fplib    0x00000520        0x6 C:/WinAVR/bin/../lib/gcc/avr/3.4.6/../../../../avr/lib/avr4\libm.a(mulsf3.o)
                0x00000520                __mulsf3
 .text.fplib    0x00000526       0x8a C:/WinAVR/bin/../lib/gcc/avr/3.4.6/../../../../avr/lib/avr4\libm.a(mulsf3x.o)
                0x00000526                __mulsf3x
 .text.fplib    0x000005b0        0x6 C:/WinAVR/bin/../lib/gcc/avr/3.4.6/../../../../avr/lib/avr4\libm.a(fp_nan.o)
                0x000005b0                __fp_nanERANGE
                0x000005b0                __fp_nan
                0x000005b0                __fp_nanEDOM
                0x000005b0                __fp_nanx
 .text.libgcc   0x000005b6       0x26 C:/WinAVR/lib/gcc/avr/3.4.6/avr4\libgcc.a(_divmodhi4.o)
                0x000005b6                __divmodhi4
                0x000005b6                _div
 .text.libgcc   0x000005dc       0x36 C:/WinAVR/lib/gcc/avr/3.4.6/avr4\libgcc.a(_divmodsi4.o)
                0x000005dc                __divmodsi4
 .text.libgcc   0x00000612       0x28 C:/WinAVR/lib/gcc/avr/3.4.6/avr4\libgcc.a(_udivmodhi4.o)
                0x00000612                __udivmodhi4
 .text.libgcc   0x0000063a       0x44 C:/WinAVR/lib/gcc/avr/3.4.6/avr4\libgcc.a(_udivmodsi4.o)
                0x0000063a                __udivmodsi4
                0x0000067e                . = ALIGN (0x2)
 *(.fini9)
 *(.fini8)
 *(.fini7)
 *(.fini6)
 *(.fini5)
 *(.fini4)
 *(.fini3)
 *(.fini2)
 *(.fini1)
 *(.fini0)
                0x0000067e                _etext = .

.data           0x00800060       0x10 load address 0x0000067e
                0x00800060                PROVIDE (__data_start, .)
 *(.data)
 .data          0x00800060       0x10 obj/main.o
                0x00800060                i
                0x00800062                ch
 *(.gnu.linkonce.d*)
                0x00800070                . = ALIGN (0x2)
                0x00800070                _edata = .
                0x00800070                PROVIDE (__data_end, .)

.bss            0x00800070        0xa
                0x00800070                PROVIDE (__bss_start, .)
 *(.bss)
 .bss           0x00800070        0x8 obj/main.o
                0x00800076                j
                0x00800074                tenthousand
                0x00800071                ten
                0x00800077                k
                0x00800075                save
                0x00800070                one
                0x00800072                hundred
                0x00800073                thousand
 *(COMMON)
 COMMON         0x00800078        0x2 obj/main.o
                0x00800078                result
                0x0080007a                PROVIDE (__bss_end, .)
                0x0000067e                __data_load_start = LOADADDR (.data)
                0x0000068e                __data_load_end = (__data_load_start + SIZEOF (.data))

.noinit         0x0080007a        0x0
                0x0080007a                PROVIDE (__noinit_start, .)
 *(.noinit*)
                0x0080007a                PROVIDE (__noinit_end, .)
                0x0080007a                _end = .
                0x0080007a                PROVIDE (__heap_start, .)

.eeprom         0x00810000        0x0
 *(.eeprom*)
                0x00810000                __eeprom_end = .

.stab           0x00000000      0x36c
 *(.stab)
 .stab          0x00000000      0x36c C:/WinAVR/bin/../lib/gcc/avr/3.4.6/../../../../avr/lib/avr4/crtm8.o

.stabstr        0x00000000       0x84
 *(.stabstr)
 .stabstr       0x00000000       0x84 C:/WinAVR/bin/../lib/gcc/avr/3.4.6/../../../../avr/lib/avr4/crtm8.o

.stab.excl
 *(.stab.excl)

.stab.exclstr
 *(.stab.exclstr)

.stab.index
 *(.stab.index)

.stab.indexstr
 *(.stab.indexstr)

.comment
 *(.comment)

.debug
 *(.debug)

.line
 *(.line)

.debug_srcinfo
 *(.debug_srcinfo)

.debug_sfnames
 *(.debug_sfnames)

.debug_aranges  0x00000000       0x14
 *(.debug_aranges)
 .debug_aranges
                0x00000000       0x14 obj/main.o

.debug_pubnames
                0x00000000      0x13d
 *(.debug_pubnames)
 .debug_pubnames
                0x00000000      0x13d obj/main.o

.debug_info     0x00000000      0x37b
 *(.debug_info)
 .debug_info    0x00000000      0x37b obj/main.o
 *(.gnu.linkonce.wi.*)

.debug_abbrev   0x00000000       0xde
 *(.debug_abbrev)
 .debug_abbrev  0x00000000       0xde obj/main.o

.debug_line     0x00000000      0x2c8
 *(.debug_line)
 .debug_line    0x00000000      0x2c8 obj/main.o

.debug_frame
 *(.debug_frame)

.debug_str      0x00000000      0x12c
 *(.debug_str)
 .debug_str     0x00000000      0x12c obj/main.o
                                0x169 (size before relaxing)

.debug_loc
 *(.debug_loc)

.debug_macinfo
 *(.debug_macinfo)
OUTPUT(main.elf elf32-avr)

Cross Reference Table

Symbol                                            File
WaitMs                                            obj/main.o
__addsf3                                          C:/WinAVR/bin/../lib/gcc/avr/3.4.6/../../../../avr/lib/avr4\libm.a(addsf3.o)
                                                  obj/main.o
__addsf3x                                         C:/WinAVR/bin/../lib/gcc/avr/3.4.6/../../../../avr/lib/avr4\libm.a(addsf3x.o)
                                                  C:/WinAVR/bin/../lib/gcc/avr/3.4.6/../../../../avr/lib/avr4\libm.a(addsf3.o)
__bad_interrupt                                   C:/WinAVR/bin/../lib/gcc/avr/3.4.6/../../../../avr/lib/avr4/crtm8.o
__bss_end                                         C:/WinAVR/lib/gcc/avr/3.4.6/avr4\libgcc.a(_clear_bss.o)
__bss_start                                       C:/WinAVR/lib/gcc/avr/3.4.6/avr4\libgcc.a(_clear_bss.o)
__data_end                                        C:/WinAVR/lib/gcc/avr/3.4.6/avr4\libgcc.a(_copy_data.o)
__data_load_start                                 C:/WinAVR/lib/gcc/avr/3.4.6/avr4\libgcc.a(_copy_data.o)
__data_start                                      C:/WinAVR/lib/gcc/avr/3.4.6/avr4\libgcc.a(_copy_data.o)
__divmodhi4                                       C:/WinAVR/lib/gcc/avr/3.4.6/avr4\libgcc.a(_divmodhi4.o)
                                                  obj/main.o
__divmodsi4                                       C:/WinAVR/lib/gcc/avr/3.4.6/avr4\libgcc.a(_divmodsi4.o)
                                                  obj/main.o
__do_clear_bss                                    C:/WinAVR/lib/gcc/avr/3.4.6/avr4\libgcc.a(_clear_bss.o)
                                                  obj/main.o
__do_copy_data                                    C:/WinAVR/lib/gcc/avr/3.4.6/avr4\libgcc.a(_copy_data.o)
                                                  obj/main.o
__fixsfsi                                         C:/WinAVR/bin/../lib/gcc/avr/3.4.6/../../../../avr/lib/avr4\libm.a(fixsfsi.o)
                                                  obj/main.o
__fixunssfsi                                      C:/WinAVR/bin/../lib/gcc/avr/3.4.6/../../../../avr/lib/avr4\libm.a(fixsfsi.o)
__floatsisf                                       C:/WinAVR/bin/../lib/gcc/avr/3.4.6/../../../../avr/lib/avr4\libm.a(floatsisf.o)
                                                  obj/main.o
__floatunssisf                                    C:/WinAVR/bin/../lib/gcc/avr/3.4.6/../../../../avr/lib/avr4\libm.a(floatsisf.o)
__fp_lneg                                         C:/WinAVR/bin/../lib/gcc/avr/3.4.6/../../../../avr/lib/avr4\libm.a(fixsfsi.o)
                                                  C:/WinAVR/bin/../lib/gcc/avr/3.4.6/../../../../avr/lib/avr4\libm.a(floatsisf.o)
__fp_merge                                        C:/WinAVR/bin/../lib/gcc/avr/3.4.6/../../../../avr/lib/avr4\libm.a(fp_merge.o)
                                                  C:/WinAVR/bin/../lib/gcc/avr/3.4.6/../../../../avr/lib/avr4\libm.a(mulsf3.o)
                                                  C:/WinAVR/bin/../lib/gcc/avr/3.4.6/../../../../avr/lib/avr4\libm.a(floatsisf.o)
                                                  C:/WinAVR/bin/../lib/gcc/avr/3.4.6/../../../../avr/lib/avr4\libm.a(addsf3.o)
__fp_nan                                          C:/WinAVR/bin/../lib/gcc/avr/3.4.6/../../../../avr/lib/avr4\libm.a(fp_nan.o)
                                                  C:/WinAVR/bin/../lib/gcc/avr/3.4.6/../../../../avr/lib/avr4\libm.a(fp_split.o)
__fp_nanEDOM                                      C:/WinAVR/bin/../lib/gcc/avr/3.4.6/../../../../avr/lib/avr4\libm.a(fp_nan.o)
__fp_nanERANGE                                    C:/WinAVR/bin/../lib/gcc/avr/3.4.6/../../../../avr/lib/avr4\libm.a(fp_nan.o)
__fp_nanx                                         C:/WinAVR/bin/../lib/gcc/avr/3.4.6/../../../../avr/lib/avr4\libm.a(fp_nan.o)
                                                  C:/WinAVR/bin/../lib/gcc/avr/3.4.6/../../../../avr/lib/avr4\libm.a(mulsf3x.o)
__fp_split1                                       C:/WinAVR/bin/../lib/gcc/avr/3.4.6/../../../../avr/lib/avr4\libm.a(fp_split.o)
                                                  C:/WinAVR/bin/../lib/gcc/avr/3.4.6/../../../../avr/lib/avr4\libm.a(fixsfsi.o)
__fp_split2                                       C:/WinAVR/bin/../lib/gcc/avr/3.4.6/../../../../avr/lib/avr4\libm.a(fp_split.o)
__fp_split3                                       C:/WinAVR/bin/../lib/gcc/avr/3.4.6/../../../../avr/lib/avr4\libm.a(fp_split.o)
                                                  C:/WinAVR/bin/../lib/gcc/avr/3.4.6/../../../../avr/lib/avr4\libm.a(mulsf3.o)
                                                  C:/WinAVR/bin/../lib/gcc/avr/3.4.6/../../../../avr/lib/avr4\libm.a(addsf3.o)
__fp_split_a                                      C:/WinAVR/bin/../lib/gcc/avr/3.4.6/../../../../avr/lib/avr4\libm.a(fp_split.o)
__fp_zero                                         C:/WinAVR/bin/../lib/gcc/avr/3.4.6/../../../../avr/lib/avr4\libm.a(fp_zero.o)
                                                  C:/WinAVR/bin/../lib/gcc/avr/3.4.6/../../../../avr/lib/avr4\libm.a(fp_merge.o)
                                                  C:/WinAVR/bin/../lib/gcc/avr/3.4.6/../../../../avr/lib/avr4\libm.a(fixsfsi.o)
__fp_zerox                                        C:/WinAVR/bin/../lib/gcc/avr/3.4.6/../../../../avr/lib/avr4\libm.a(fp_zero.o)
                                                  C:/WinAVR/bin/../lib/gcc/avr/3.4.6/../../../../avr/lib/avr4\libm.a(mulsf3x.o)
                                                  C:/WinAVR/bin/../lib/gcc/avr/3.4.6/../../../../avr/lib/avr4\libm.a(addsf3x.o)
__heap_end                                        C:/WinAVR/bin/../lib/gcc/avr/3.4.6/../../../../avr/lib/avr4/crtm8.o
__init                                            C:/WinAVR/bin/../lib/gcc/avr/3.4.6/../../../../avr/lib/avr4/crtm8.o
__mulsf3                                          C:/WinAVR/bin/../lib/gcc/avr/3.4.6/../../../../avr/lib/avr4\libm.a(mulsf3.o)
                                                  obj/main.o
__mulsf3x                                         C:/WinAVR/bin/../lib/gcc/avr/3.4.6/../../../../avr/lib/avr4\libm.a(mulsf3x.o)
                                                  C:/WinAVR/bin/../lib/gcc/avr/3.4.6/../../../../avr/lib/avr4\libm.a(mulsf3.o)
__stack                                           C:/WinAVR/bin/../lib/gcc/avr/3.4.6/../../../../avr/lib/avr4/crtm8.o
                                                  obj/main.o
__subsf3                                          C:/WinAVR/bin/../lib/gcc/avr/3.4.6/../../../../avr/lib/avr4\libm.a(addsf3.o)
                                                  obj/main.o
__udivmodhi4                                      C:/WinAVR/lib/gcc/avr/3.4.6/avr4\libgcc.a(_udivmodhi4.o)
                                                  C:/WinAVR/lib/gcc/avr/3.4.6/avr4\libgcc.a(_divmodhi4.o)
__udivmodsi4                                      C:/WinAVR/lib/gcc/avr/3.4.6/avr4\libgcc.a(_udivmodsi4.o)
                                                  C:/WinAVR/lib/gcc/avr/3.4.6/avr4\libgcc.a(_divmodsi4.o)
__vector_1                                        C:/WinAVR/bin/../lib/gcc/avr/3.4.6/../../../../avr/lib/avr4/crtm8.o
__vector_10                                       C:/WinAVR/bin/../lib/gcc/avr/3.4.6/../../../../avr/lib/avr4/crtm8.o
__vector_11                                       C:/WinAVR/bin/../lib/gcc/avr/3.4.6/../../../../avr/lib/avr4/crtm8.o
__vector_12                                       C:/WinAVR/bin/../lib/gcc/avr/3.4.6/../../../../avr/lib/avr4/crtm8.o
__vector_13                                       C:/WinAVR/bin/../lib/gcc/avr/3.4.6/../../../../avr/lib/avr4/crtm8.o
__vector_14                                       obj/main.o
                                                  C:/WinAVR/bin/../lib/gcc/avr/3.4.6/../../../../avr/lib/avr4/crtm8.o
__vector_15                                       C:/WinAVR/bin/../lib/gcc/avr/3.4.6/../../../../avr/lib/avr4/crtm8.o
__vector_16                                       C:/WinAVR/bin/../lib/gcc/avr/3.4.6/../../../../avr/lib/avr4/crtm8.o
__vector_17                                       C:/WinAVR/bin/../lib/gcc/avr/3.4.6/../../../../avr/lib/avr4/crtm8.o
__vector_18                                       C:/WinAVR/bin/../lib/gcc/avr/3.4.6/../../../../avr/lib/avr4/crtm8.o
__vector_2                                        C:/WinAVR/bin/../lib/gcc/avr/3.4.6/../../../../avr/lib/avr4/crtm8.o
__vector_3                                        C:/WinAVR/bin/../lib/gcc/avr/3.4.6/../../../../avr/lib/avr4/crtm8.o
__vector_4                                        C:/WinAVR/bin/../lib/gcc/avr/3.4.6/../../../../avr/lib/avr4/crtm8.o
__vector_5                                        C:/WinAVR/bin/../lib/gcc/avr/3.4.6/../../../../avr/lib/avr4/crtm8.o
__vector_6                                        C:/WinAVR/bin/../lib/gcc/avr/3.4.6/../../../../avr/lib/avr4/crtm8.o
__vector_7                                        C:/WinAVR/bin/../lib/gcc/avr/3.4.6/../../../../avr/lib/avr4/crtm8.o
__vector_8                                        C:/WinAVR/bin/../lib/gcc/avr/3.4.6/../../../../avr/lib/avr4/crtm8.o
__vector_9                                        C:/WinAVR/bin/../lib/gcc/avr/3.4.6/../../../../avr/lib/avr4/crtm8.o
__vector_default                                  C:/WinAVR/bin/../lib/gcc/avr/3.4.6/../../../../avr/lib/avr4/crtm8.o
__vectors                                         C:/WinAVR/bin/../lib/gcc/avr/3.4.6/../../../../avr/lib/avr4/crtm8.o
_div                                              C:/WinAVR/lib/gcc/avr/3.4.6/avr4\libgcc.a(_divmodhi4.o)
ch                                                obj/main.o
dely_ns                                           obj/main.o
hundred                                           obj/main.o
i                                                 obj/main.o
j                                                 obj/main.o
k                                                 obj/main.o
lcd_char                                          obj/main.o
lcd_cmd                                           obj/main.o
lcd_gotoxy1                                       obj/main.o
lcd_gotoxy2                                       obj/main.o
lcd_init                                          obj/main.o
lcd_showvalue                                     obj/main.o
lcd_showvaluef                                    obj/main.o
lcd_string                                        obj/main.o
main                                              obj/main.o
                                                  C:/WinAVR/bin/../lib/gcc/avr/3.4.6/../../../../avr/lib/avr4/crtm8.o
one                                               obj/main.o
ports_init                                        obj/main.o
result                                            obj/main.o
save                                              obj/main.o
ten                                               obj/main.o
tenthousand                                       obj/main.o
thousand                                          obj/main.o
toggleE                                           obj/main.o
