Archive member included because of file (symbol)

C:/WinAVR/lib/gcc/avr/3.4.6/avr5\libgcc.a(_udivmodqi4.o)
                              obj/main.o (__udivmodqi4)
C:/WinAVR/lib/gcc/avr/3.4.6/avr5\libgcc.a(_udivmodhi4.o)
                              obj/main.o (__udivmodhi4)
C:/WinAVR/lib/gcc/avr/3.4.6/avr5\libgcc.a(_divmodhi4.o)
                              obj/main.o (__divmodhi4)
C:/WinAVR/lib/gcc/avr/3.4.6/avr5\libgcc.a(_copy_data.o)
                              obj/main.o (__do_copy_data)
C:/WinAVR/lib/gcc/avr/3.4.6/avr5\libgcc.a(_clear_bss.o)
                              obj/main.o (__do_clear_bss)

Memory Configuration

Name             Origin             Length             Attributes
text             0x00000000         0x00020000         xr
data             0x00800060         0x0000ffa0         rw !x
eeprom           0x00810000         0x00010000         rw !x
*default*        0x00000000         0xffffffff

Linker script and memory map

Address of section .data set to 0x800200
LOAD C:/WinAVR/bin/../lib/gcc/avr/3.4.6/../../../../avr/lib/avr5/crtm640.o
LOAD obj/main.o
LOAD C:/WinAVR/bin/../lib/gcc/avr/3.4.6/../../../../avr/lib/avr5\libm.a
LOAD C:/WinAVR/lib/gcc/avr/3.4.6/avr5\libgcc.a
LOAD C:/WinAVR/bin/../lib/gcc/avr/3.4.6/../../../../avr/lib/avr5\libc.a
LOAD C:/WinAVR/lib/gcc/avr/3.4.6/avr5\libgcc.a

.hash
 *(.hash)

.dynsym
 *(.dynsym)

.dynstr
 *(.dynstr)

.gnu.version
 *(.gnu.version)

.gnu.version_d
 *(.gnu.version_d)

.gnu.version_r
 *(.gnu.version_r)

.rel.init
 *(.rel.init)

.rela.init
 *(.rela.init)

.rel.text
 *(.rel.text)
 *(.rel.text.*)
 *(.rel.gnu.linkonce.t*)

.rela.text
 *(.rela.text)
 *(.rela.text.*)
 *(.rela.gnu.linkonce.t*)

.rel.fini
 *(.rel.fini)

.rela.fini
 *(.rela.fini)

.rel.rodata
 *(.rel.rodata)
 *(.rel.rodata.*)
 *(.rel.gnu.linkonce.r*)

.rela.rodata
 *(.rela.rodata)
 *(.rela.rodata.*)
 *(.rela.gnu.linkonce.r*)

.rel.data
 *(.rel.data)
 *(.rel.data.*)
 *(.rel.gnu.linkonce.d*)

.rela.data
 *(.rela.data)
 *(.rela.data.*)
 *(.rela.gnu.linkonce.d*)

.rel.ctors
 *(.rel.ctors)

.rela.ctors
 *(.rela.ctors)

.rel.dtors
 *(.rel.dtors)

.rela.dtors
 *(.rela.dtors)

.rel.got
 *(.rel.got)

.rela.got
 *(.rela.got)

.rel.bss
 *(.rel.bss)

.rela.bss
 *(.rela.bss)

.rel.plt
 *(.rel.plt)

.rela.plt
 *(.rela.plt)

.text           0x00000000      0x554
 *(.vectors)
 .vectors       0x00000000       0xe4 C:/WinAVR/bin/../lib/gcc/avr/3.4.6/../../../../avr/lib/avr5/crtm640.o
                0x00000000                __vectors
                0x00000000                __vector_default
                0x000000e4                __ctors_start = .
 *(.ctors)
                0x000000e4                __ctors_end = .
                0x000000e4                __dtors_start = .
 *(.dtors)
                0x000000e4                __dtors_end = .
 *(.progmem.gcc*)
 *(.progmem*)
                0x000000e4                . = ALIGN (0x2)
 *(.init0)
 *(.init1)
 *(.init2)
 .init2         0x000000e4        0xc C:/WinAVR/bin/../lib/gcc/avr/3.4.6/../../../../avr/lib/avr5/crtm640.o
 *(.init3)
 *(.init4)
 .init4         0x000000f0       0x16 C:/WinAVR/lib/gcc/avr/3.4.6/avr5\libgcc.a(_copy_data.o)
                0x000000f0                __do_copy_data
 .init4         0x00000106       0x10 C:/WinAVR/lib/gcc/avr/3.4.6/avr5\libgcc.a(_clear_bss.o)
                0x00000106                __do_clear_bss
 *(.init5)
 *(.init6)
 *(.init7)
 *(.init8)
 *(.init9)
 .init9         0x00000116        0x4 C:/WinAVR/bin/../lib/gcc/avr/3.4.6/../../../../avr/lib/avr5/crtm640.o
 *(.text)
 .text          0x0000011a        0x4 C:/WinAVR/bin/../lib/gcc/avr/3.4.6/../../../../avr/lib/avr5/crtm640.o
                0x0000011a                __vector_38
                0x0000011a                __vector_22
                0x0000011a                __vector_28
                0x0000011a                __vector_1
                0x0000011a                __vector_32
                0x0000011a                __vector_34
                0x0000011a                __vector_24
                0x0000011a                __vector_12
                0x0000011a                __vector_55
                0x0000011a                __vector_46
                0x0000011a                __bad_interrupt
                0x0000011a                __vector_6
                0x0000011a                __vector_31
                0x0000011a                __vector_35
                0x0000011a                __vector_39
                0x0000011a                __vector_3
                0x0000011a                __vector_23
                0x0000011a                __vector_30
                0x0000011a                __vector_45
                0x0000011a                __vector_25
                0x0000011a                __vector_11
                0x0000011a                __vector_54
                0x0000011a                __vector_13
                0x0000011a                __vector_17
                0x0000011a                __vector_19
                0x0000011a                __vector_56
                0x0000011a                __vector_7
                0x0000011a                __vector_49
                0x0000011a                __vector_41
                0x0000011a                __vector_43
                0x0000011a                __vector_27
                0x0000011a                __vector_5
                0x0000011a                __vector_33
                0x0000011a                __vector_47
                0x0000011a                __vector_52
                0x0000011a                __vector_37
                0x0000011a                __vector_4
                0x0000011a                __vector_44
                0x0000011a                __vector_51
                0x0000011a                __vector_9
                0x0000011a                __vector_2
                0x0000011a                __vector_21
                0x0000011a                __vector_15
                0x0000011a                __vector_36
                0x0000011a                __vector_29
                0x0000011a                __vector_40
                0x0000011a                __vector_8
                0x0000011a                __vector_26
                0x0000011a                __vector_48
                0x0000011a                __vector_14
                0x0000011a                __vector_53
                0x0000011a                __vector_10
                0x0000011a                __vector_50
                0x0000011a                __vector_16
                0x0000011a                __vector_18
                0x0000011a                __vector_20
                0x0000011a                __vector_42
 .text          0x0000011e      0x3d0 obj/main.o
                0x0000045e                lcd_showvalue
                0x000004b2                lcd_gotoxy1
                0x0000026a                lcd_char
                0x0000011e                WaitMs
                0x000004ba                lcd_gotoxy2
                0x000003ac                lcd_string
                0x000002e4                lcd_num1
                0x000004c2                lcd_exit
                0x000001c2                lcd_init
                0x000004ca                main
                0x0000013a                toggleE
                0x00000146                lcd_cmd
                0x00000240                dely_ns
                0x000004ee                . = ALIGN (0x2)
 *(.text.*)
 .text.libgcc   0x000004ee       0x18 C:/WinAVR/lib/gcc/avr/3.4.6/avr5\libgcc.a(_udivmodqi4.o)
                0x000004ee                __udivmodqi4
 .text.libgcc   0x00000506       0x28 C:/WinAVR/lib/gcc/avr/3.4.6/avr5\libgcc.a(_udivmodhi4.o)
                0x00000506                __udivmodhi4
 .text.libgcc   0x0000052e       0x26 C:/WinAVR/lib/gcc/avr/3.4.6/avr5\libgcc.a(_divmodhi4.o)
                0x0000052e                __divmodhi4
                0x0000052e                _div
                0x00000554                . = ALIGN (0x2)
 *(.fini9)
 *(.fini8)
 *(.fini7)
 *(.fini6)
 *(.fini5)
 *(.fini4)
 *(.fini3)
 *(.fini2)
 *(.fini1)
 *(.fini0)
                0x00000554                _etext = .

.data           0x00800200       0x1c load address 0x00000554
                0x00800200                PROVIDE (__data_start, .)
 *(.data)
 .data          0x00800200       0x1c obj/main.o
                0x00800200                ch
 *(.gnu.linkonce.d*)
                0x0080021c                . = ALIGN (0x2)
                0x0080021c                _edata = .
                0x0080021c                PROVIDE (__data_end, .)

.bss            0x0080021c        0x8
                0x0080021c                PROVIDE (__bss_start, .)
 *(.bss)
 .bss           0x0080021c        0x8 obj/main.o
                0x00800222                j
                0x00800220                tenthousand
                0x0080021d                ten
                0x00800223                k
                0x00800221                save
                0x0080021c                one
                0x0080021e                hundred
                0x0080021f                thousand
 *(COMMON)
                0x00800224                PROVIDE (__bss_end, .)
                0x00000554                __data_load_start = LOADADDR (.data)
                0x00000570                __data_load_end = (__data_load_start + SIZEOF (.data))

.noinit         0x00800224        0x0
                0x00800224                PROVIDE (__noinit_start, .)
 *(.noinit*)
                0x00800224                PROVIDE (__noinit_end, .)
                0x00800224                _end = .
                0x00800224                PROVIDE (__heap_start, .)

.eeprom         0x00810000        0x0
 *(.eeprom*)
                0x00810000                __eeprom_end = .

.stab           0x00000000      0x36c
 *(.stab)
 .stab          0x00000000      0x36c C:/WinAVR/bin/../lib/gcc/avr/3.4.6/../../../../avr/lib/avr5/crtm640.o

.stabstr        0x00000000       0x84
 *(.stabstr)
 .stabstr       0x00000000       0x84 C:/WinAVR/bin/../lib/gcc/avr/3.4.6/../../../../avr/lib/avr5/crtm640.o

.stab.excl
 *(.stab.excl)

.stab.exclstr
 *(.stab.exclstr)

.stab.index
 *(.stab.index)

.stab.indexstr
 *(.stab.indexstr)

.comment
 *(.comment)

.debug
 *(.debug)

.line
 *(.line)

.debug_srcinfo
 *(.debug_srcinfo)

.debug_sfnames
 *(.debug_sfnames)

.debug_aranges  0x00000000       0x14
 *(.debug_aranges)
 .debug_aranges
                0x00000000       0x14 obj/main.o

.debug_pubnames
                0x00000000      0x114
 *(.debug_pubnames)
 .debug_pubnames
                0x00000000      0x114 obj/main.o

.debug_info     0x00000000      0x4b7
 *(.debug_info)
 .debug_info    0x00000000      0x4b7 obj/main.o
 *(.gnu.linkonce.wi.*)

.debug_abbrev   0x00000000      0x1b4
 *(.debug_abbrev)
 .debug_abbrev  0x00000000      0x1b4 obj/main.o

.debug_line     0x00000000      0x3f8
 *(.debug_line)
 .debug_line    0x00000000      0x3f8 obj/main.o

.debug_frame
 *(.debug_frame)

.debug_str      0x00000000      0x155
 *(.debug_str)
 .debug_str     0x00000000      0x155 obj/main.o
                                0x198 (size before relaxing)

.debug_loc
 *(.debug_loc)

.debug_macinfo
 *(.debug_macinfo)
OUTPUT(main.elf elf32-avr)

Cross Reference Table

Symbol                                            File
WaitMs                                            obj/main.o
__bad_interrupt                                   C:/WinAVR/bin/../lib/gcc/avr/3.4.6/../../../../avr/lib/avr5/crtm640.o
__bss_end                                         C:/WinAVR/lib/gcc/avr/3.4.6/avr5\libgcc.a(_clear_bss.o)
__bss_start                                       C:/WinAVR/lib/gcc/avr/3.4.6/avr5\libgcc.a(_clear_bss.o)
__data_end                                        C:/WinAVR/lib/gcc/avr/3.4.6/avr5\libgcc.a(_copy_data.o)
__data_load_start                                 C:/WinAVR/lib/gcc/avr/3.4.6/avr5\libgcc.a(_copy_data.o)
__data_start                                      C:/WinAVR/lib/gcc/avr/3.4.6/avr5\libgcc.a(_copy_data.o)
__divmodhi4                                       C:/WinAVR/lib/gcc/avr/3.4.6/avr5\libgcc.a(_divmodhi4.o)
                                                  obj/main.o
__do_clear_bss                                    C:/WinAVR/lib/gcc/avr/3.4.6/avr5\libgcc.a(_clear_bss.o)
                                                  obj/main.o
__do_copy_data                                    C:/WinAVR/lib/gcc/avr/3.4.6/avr5\libgcc.a(_copy_data.o)
                                                  obj/main.o
__heap_end                                        C:/WinAVR/bin/../lib/gcc/avr/3.4.6/../../../../avr/lib/avr5/crtm640.o
__init                                            C:/WinAVR/bin/../lib/gcc/avr/3.4.6/../../../../avr/lib/avr5/crtm640.o
__stack                                           C:/WinAVR/bin/../lib/gcc/avr/3.4.6/../../../../avr/lib/avr5/crtm640.o
                                                  obj/main.o
__udivmodhi4                                      C:/WinAVR/lib/gcc/avr/3.4.6/avr5\libgcc.a(_udivmodhi4.o)
                                                  C:/WinAVR/lib/gcc/avr/3.4.6/avr5\libgcc.a(_divmodhi4.o)
                                                  obj/main.o
__udivmodqi4                                      C:/WinAVR/lib/gcc/avr/3.4.6/avr5\libgcc.a(_udivmodqi4.o)
                                                  obj/main.o
__vector_1                                        C:/WinAVR/bin/../lib/gcc/avr/3.4.6/../../../../avr/lib/avr5/crtm640.o
__vector_10                                       C:/WinAVR/bin/../lib/gcc/avr/3.4.6/../../../../avr/lib/avr5/crtm640.o
__vector_11                                       C:/WinAVR/bin/../lib/gcc/avr/3.4.6/../../../../avr/lib/avr5/crtm640.o
__vector_12                                       C:/WinAVR/bin/../lib/gcc/avr/3.4.6/../../../../avr/lib/avr5/crtm640.o
__vector_13                                       C:/WinAVR/bin/../lib/gcc/avr/3.4.6/../../../../avr/lib/avr5/crtm640.o
__vector_14                                       C:/WinAVR/bin/../lib/gcc/avr/3.4.6/../../../../avr/lib/avr5/crtm640.o
__vector_15                                       C:/WinAVR/bin/../lib/gcc/avr/3.4.6/../../../../avr/lib/avr5/crtm640.o
__vector_16                                       C:/WinAVR/bin/../lib/gcc/avr/3.4.6/../../../../avr/lib/avr5/crtm640.o
__vector_17                                       C:/WinAVR/bin/../lib/gcc/avr/3.4.6/../../../../avr/lib/avr5/crtm640.o
__vector_18                                       C:/WinAVR/bin/../lib/gcc/avr/3.4.6/../../../../avr/lib/avr5/crtm640.o
__vector_19                                       C:/WinAVR/bin/../lib/gcc/avr/3.4.6/../../../../avr/lib/avr5/crtm640.o
__vector_2                                        C:/WinAVR/bin/../lib/gcc/avr/3.4.6/../../../../avr/lib/avr5/crtm640.o
__vector_20                                       C:/WinAVR/bin/../lib/gcc/avr/3.4.6/../../../../avr/lib/avr5/crtm640.o
__vector_21                                       C:/WinAVR/bin/../lib/gcc/avr/3.4.6/../../../../avr/lib/avr5/crtm640.o
__vector_22                                       C:/WinAVR/bin/../lib/gcc/avr/3.4.6/../../../../avr/lib/avr5/crtm640.o
__vector_23                                       C:/WinAVR/bin/../lib/gcc/avr/3.4.6/../../../../avr/lib/avr5/crtm640.o
__vector_24                                       C:/WinAVR/bin/../lib/gcc/avr/3.4.6/../../../../avr/lib/avr5/crtm640.o
__vector_25                                       C:/WinAVR/bin/../lib/gcc/avr/3.4.6/../../../../avr/lib/avr5/crtm640.o
__vector_26                                       C:/WinAVR/bin/../lib/gcc/avr/3.4.6/../../../../avr/lib/avr5/crtm640.o
__vector_27                                       C:/WinAVR/bin/../lib/gcc/avr/3.4.6/../../../../avr/lib/avr5/crtm640.o
__vector_28                                       C:/WinAVR/bin/../lib/gcc/avr/3.4.6/../../../../avr/lib/avr5/crtm640.o
__vector_29                                       C:/WinAVR/bin/../lib/gcc/avr/3.4.6/../../../../avr/lib/avr5/crtm640.o
__vector_3                                        C:/WinAVR/bin/../lib/gcc/avr/3.4.6/../../../../avr/lib/avr5/crtm640.o
__vector_30                                       C:/WinAVR/bin/../lib/gcc/avr/3.4.6/../../../../avr/lib/avr5/crtm640.o
__vector_31                                       C:/WinAVR/bin/../lib/gcc/avr/3.4.6/../../../../avr/lib/avr5/crtm640.o
__vector_32                                       C:/WinAVR/bin/../lib/gcc/avr/3.4.6/../../../../avr/lib/avr5/crtm640.o
__vector_33                                       C:/WinAVR/bin/../lib/gcc/avr/3.4.6/../../../../avr/lib/avr5/crtm640.o
__vector_34                                       C:/WinAVR/bin/../lib/gcc/avr/3.4.6/../../../../avr/lib/avr5/crtm640.o
__vector_35                                       C:/WinAVR/bin/../lib/gcc/avr/3.4.6/../../../../avr/lib/avr5/crtm640.o
__vector_36                                       C:/WinAVR/bin/../lib/gcc/avr/3.4.6/../../../../avr/lib/avr5/crtm640.o
__vector_37                                       C:/WinAVR/bin/../lib/gcc/avr/3.4.6/../../../../avr/lib/avr5/crtm640.o
__vector_38                                       C:/WinAVR/bin/../lib/gcc/avr/3.4.6/../../../../avr/lib/avr5/crtm640.o
__vector_39                                       C:/WinAVR/bin/../lib/gcc/avr/3.4.6/../../../../avr/lib/avr5/crtm640.o
__vector_4                                        C:/WinAVR/bin/../lib/gcc/avr/3.4.6/../../../../avr/lib/avr5/crtm640.o
__vector_40                                       C:/WinAVR/bin/../lib/gcc/avr/3.4.6/../../../../avr/lib/avr5/crtm640.o
__vector_41                                       C:/WinAVR/bin/../lib/gcc/avr/3.4.6/../../../../avr/lib/avr5/crtm640.o
__vector_42                                       C:/WinAVR/bin/../lib/gcc/avr/3.4.6/../../../../avr/lib/avr5/crtm640.o
__vector_43                                       C:/WinAVR/bin/../lib/gcc/avr/3.4.6/../../../../avr/lib/avr5/crtm640.o
__vector_44                                       C:/WinAVR/bin/../lib/gcc/avr/3.4.6/../../../../avr/lib/avr5/crtm640.o
__vector_45                                       C:/WinAVR/bin/../lib/gcc/avr/3.4.6/../../../../avr/lib/avr5/crtm640.o
__vector_46                                       C:/WinAVR/bin/../lib/gcc/avr/3.4.6/../../../../avr/lib/avr5/crtm640.o
__vector_47                                       C:/WinAVR/bin/../lib/gcc/avr/3.4.6/../../../../avr/lib/avr5/crtm640.o
__vector_48                                       C:/WinAVR/bin/../lib/gcc/avr/3.4.6/../../../../avr/lib/avr5/crtm640.o
__vector_49                                       C:/WinAVR/bin/../lib/gcc/avr/3.4.6/../../../../avr/lib/avr5/crtm640.o
__vector_5                                        C:/WinAVR/bin/../lib/gcc/avr/3.4.6/../../../../avr/lib/avr5/crtm640.o
__vector_50                                       C:/WinAVR/bin/../lib/gcc/avr/3.4.6/../../../../avr/lib/avr5/crtm640.o
__vector_51                                       C:/WinAVR/bin/../lib/gcc/avr/3.4.6/../../../../avr/lib/avr5/crtm640.o
__vector_52                                       C:/WinAVR/bin/../lib/gcc/avr/3.4.6/../../../../avr/lib/avr5/crtm640.o
__vector_53                                       C:/WinAVR/bin/../lib/gcc/avr/3.4.6/../../../../avr/lib/avr5/crtm640.o
__vector_54                                       C:/WinAVR/bin/../lib/gcc/avr/3.4.6/../../../../avr/lib/avr5/crtm640.o
__vector_55                                       C:/WinAVR/bin/../lib/gcc/avr/3.4.6/../../../../avr/lib/avr5/crtm640.o
__vector_56                                       C:/WinAVR/bin/../lib/gcc/avr/3.4.6/../../../../avr/lib/avr5/crtm640.o
__vector_6                                        C:/WinAVR/bin/../lib/gcc/avr/3.4.6/../../../../avr/lib/avr5/crtm640.o
__vector_7                                        C:/WinAVR/bin/../lib/gcc/avr/3.4.6/../../../../avr/lib/avr5/crtm640.o
__vector_8                                        C:/WinAVR/bin/../lib/gcc/avr/3.4.6/../../../../avr/lib/avr5/crtm640.o
__vector_9                                        C:/WinAVR/bin/../lib/gcc/avr/3.4.6/../../../../avr/lib/avr5/crtm640.o
__vector_default                                  C:/WinAVR/bin/../lib/gcc/avr/3.4.6/../../../../avr/lib/avr5/crtm640.o
__vectors                                         C:/WinAVR/bin/../lib/gcc/avr/3.4.6/../../../../avr/lib/avr5/crtm640.o
_div                                              C:/WinAVR/lib/gcc/avr/3.4.6/avr5\libgcc.a(_divmodhi4.o)
ch                                                obj/main.o
dely_ns                                           obj/main.o
hundred                                           obj/main.o
j                                                 obj/main.o
k                                                 obj/main.o
lcd_char                                          obj/main.o
lcd_cmd                                           obj/main.o
lcd_exit                                          obj/main.o
lcd_gotoxy1                                       obj/main.o
lcd_gotoxy2                                       obj/main.o
lcd_init                                          obj/main.o
lcd_num1                                          obj/main.o
lcd_showvalue                                     obj/main.o
lcd_string                                        obj/main.o
main                                              obj/main.o
                                                  C:/WinAVR/bin/../lib/gcc/avr/3.4.6/../../../../avr/lib/avr5/crtm640.o
one                                               obj/main.o
save                                              obj/main.o
ten                                               obj/main.o
tenthousand                                       obj/main.o
thousand                                          obj/main.o
toggleE                                           obj/main.o
