Archive member included because of file (symbol)

C:/WinAVR/lib/gcc/avr/3.4.6/avr4\libgcc.a(_udivmodhi4.o)
                              obj/main.o (__udivmodhi4)
C:/WinAVR/lib/gcc/avr/3.4.6/avr4\libgcc.a(_exit.o)
                              obj/main.o (exit)
C:/WinAVR/lib/gcc/avr/3.4.6/avr4\libgcc.a(_copy_data.o)
                              obj/main.o (__do_copy_data)
C:/WinAVR/lib/gcc/avr/3.4.6/avr4\libgcc.a(_clear_bss.o)
                              obj/main.o (__do_clear_bss)

Memory Configuration

Name             Origin             Length             Attributes
text             0x00000000         0x00002000         xr
data             0x00800060         0x0000ffa0         rw !x
eeprom           0x00810000         0x00010000         rw !x
*default*        0x00000000         0xffffffff

Linker script and memory map

LOAD C:/WinAVR/bin/../lib/gcc/avr/3.4.6/../../../../avr/lib/avr4/crtm8.o
LOAD obj/main.o
LOAD C:/WinAVR/bin/../lib/gcc/avr/3.4.6/../../../../avr/lib/avr4\libm.a
LOAD C:/WinAVR/lib/gcc/avr/3.4.6/avr4\libgcc.a
LOAD C:/WinAVR/bin/../lib/gcc/avr/3.4.6/../../../../avr/lib/avr4\libc.a
LOAD C:/WinAVR/lib/gcc/avr/3.4.6/avr4\libgcc.a

.hash
 *(.hash)

.dynsym
 *(.dynsym)

.dynstr
 *(.dynstr)

.gnu.version
 *(.gnu.version)

.gnu.version_d
 *(.gnu.version_d)

.gnu.version_r
 *(.gnu.version_r)

.rel.init
 *(.rel.init)

.rela.init
 *(.rela.init)

.rel.text
 *(.rel.text)
 *(.rel.text.*)
 *(.rel.gnu.linkonce.t*)

.rela.text
 *(.rela.text)
 *(.rela.text.*)
 *(.rela.gnu.linkonce.t*)

.rel.fini
 *(.rel.fini)

.rela.fini
 *(.rela.fini)

.rel.rodata
 *(.rel.rodata)
 *(.rel.rodata.*)
 *(.rel.gnu.linkonce.r*)

.rela.rodata
 *(.rela.rodata)
 *(.rela.rodata.*)
 *(.rela.gnu.linkonce.r*)

.rel.data
 *(.rel.data)
 *(.rel.data.*)
 *(.rel.gnu.linkonce.d*)

.rela.data
 *(.rela.data)
 *(.rela.data.*)
 *(.rela.gnu.linkonce.d*)

.rel.ctors
 *(.rel.ctors)

.rela.ctors
 *(.rela.ctors)

.rel.dtors
 *(.rel.dtors)

.rela.dtors
 *(.rela.dtors)

.rel.got
 *(.rel.got)

.rela.got
 *(.rela.got)

.rel.bss
 *(.rel.bss)

.rela.bss
 *(.rela.bss)

.rel.plt
 *(.rel.plt)

.rela.plt
 *(.rela.plt)

.text           0x00000000      0x1f4
 *(.vectors)
 .vectors       0x00000000       0x26 C:/WinAVR/bin/../lib/gcc/avr/3.4.6/../../../../avr/lib/avr4/crtm8.o
                0x00000000                __vectors
                0x00000000                __vector_default
                0x00000026                __ctors_start = .
 *(.ctors)
                0x00000026                __ctors_end = .
                0x00000026                __dtors_start = .
 *(.dtors)
                0x00000026                __dtors_end = .
 *(.progmem.gcc*)
 *(.progmem*)
                0x00000026                . = ALIGN (0x2)
 *(.init0)
 *(.init1)
 *(.init2)
 .init2         0x00000026        0xc C:/WinAVR/bin/../lib/gcc/avr/3.4.6/../../../../avr/lib/avr4/crtm8.o
 *(.init3)
 *(.init4)
 .init4         0x00000032       0x16 C:/WinAVR/lib/gcc/avr/3.4.6/avr4\libgcc.a(_copy_data.o)
                0x00000032                __do_copy_data
 .init4         0x00000048       0x10 C:/WinAVR/lib/gcc/avr/3.4.6/avr4\libgcc.a(_clear_bss.o)
                0x00000048                __do_clear_bss
 *(.init5)
 *(.init6)
 *(.init7)
 *(.init8)
 *(.init9)
 .init9         0x00000058        0x2 C:/WinAVR/bin/../lib/gcc/avr/3.4.6/../../../../avr/lib/avr4/crtm8.o
 *(.text)
 .text          0x0000005a        0x2 C:/WinAVR/bin/../lib/gcc/avr/3.4.6/../../../../avr/lib/avr4/crtm8.o
                0x0000005a                __vector_1
                0x0000005a                __vector_12
                0x0000005a                __bad_interrupt
                0x0000005a                __vector_6
                0x0000005a                __vector_3
                0x0000005a                __vector_11
                0x0000005a                __vector_13
                0x0000005a                __vector_17
                0x0000005a                __vector_7
                0x0000005a                __vector_5
                0x0000005a                __vector_4
                0x0000005a                __vector_9
                0x0000005a                __vector_2
                0x0000005a                __vector_15
                0x0000005a                __vector_8
                0x0000005a                __vector_14
                0x0000005a                __vector_10
                0x0000005a                __vector_16
                0x0000005a                __vector_18
 .text          0x0000005c      0x16e obj/main.o
                0x00000140                lcd_showvalue
                0x0000018a                lcd_gotoxy1
                0x000000ea                lcd_char
                0x0000005c                WaitMs
                0x00000190                lcd_gotoxy2
                0x000000fe                lcd_string
                0x00000098                lcd_init
                0x00000196                main
                0x00000078                toggleE
                0x00000084                lcd_cmd
                0x000000c0                dely_ns
                0x000001ca                . = ALIGN (0x2)
 *(.text.*)
 .text.libgcc   0x000001ca       0x28 C:/WinAVR/lib/gcc/avr/3.4.6/avr4\libgcc.a(_udivmodhi4.o)
                0x000001ca                __udivmodhi4
                0x000001f2                . = ALIGN (0x2)
 *(.fini9)
 *(.fini8)
 *(.fini7)
 *(.fini6)
 *(.fini5)
 *(.fini4)
 *(.fini3)
 *(.fini2)
 *(.fini1)
 *(.fini0)
 .fini0         0x000001f2        0x2 C:/WinAVR/lib/gcc/avr/3.4.6/avr4\libgcc.a(_exit.o)
                0x000001f4                _etext = .

.data           0x00800060       0x18 load address 0x000001f4
                0x00800060                PROVIDE (__data_start, .)
 *(.data)
 .data          0x00800060       0x18 obj/main.o
                0x00800060                ch
 *(.gnu.linkonce.d*)
                0x00800078                . = ALIGN (0x2)
                0x00800078                _edata = .
                0x00800078                PROVIDE (__data_end, .)

.bss            0x00800078        0xa
                0x00800078                PROVIDE (__bss_start, .)
 *(.bss)
 .bss           0x00800078        0xa obj/main.o
                0x00800080                j
                0x0080007e                tenthousand
                0x0080007b                ten
                0x00800081                k
                0x0080007f                save
                0x00800078                count
                0x0080007a                one
                0x0080007c                hundred
                0x0080007d                thousand
 *(COMMON)
                0x00800082                PROVIDE (__bss_end, .)
                0x000001f4                __data_load_start = LOADADDR (.data)
                0x0000020c                __data_load_end = (__data_load_start + SIZEOF (.data))

.noinit         0x00800082        0x0
                0x00800082                PROVIDE (__noinit_start, .)
 *(.noinit*)
                0x00800082                PROVIDE (__noinit_end, .)
                0x00800082                _end = .
                0x00800082                PROVIDE (__heap_start, .)

.eeprom         0x00810000        0x0
 *(.eeprom*)
                0x00810000                __eeprom_end = .

.stab           0x00000000      0x36c
 *(.stab)
 .stab          0x00000000      0x36c C:/WinAVR/bin/../lib/gcc/avr/3.4.6/../../../../avr/lib/avr4/crtm8.o

.stabstr        0x00000000       0x84
 *(.stabstr)
 .stabstr       0x00000000       0x84 C:/WinAVR/bin/../lib/gcc/avr/3.4.6/../../../../avr/lib/avr4/crtm8.o

.stab.excl
 *(.stab.excl)

.stab.exclstr
 *(.stab.exclstr)

.stab.index
 *(.stab.index)

.stab.indexstr
 *(.stab.indexstr)

.comment
 *(.comment)

.debug
 *(.debug)

.line
 *(.line)

.debug_srcinfo
 *(.debug_srcinfo)

.debug_sfnames
 *(.debug_sfnames)

.debug_aranges  0x00000000       0x14
 *(.debug_aranges)
 .debug_aranges
                0x00000000       0x14 obj/main.o

.debug_pubnames
                0x00000000      0x104
 *(.debug_pubnames)
 .debug_pubnames
                0x00000000      0x104 obj/main.o

.debug_info     0x00000000      0x2f4
 *(.debug_info)
 .debug_info    0x00000000      0x2f4 obj/main.o
 *(.gnu.linkonce.wi.*)

.debug_abbrev   0x00000000       0xe4
 *(.debug_abbrev)
 .debug_abbrev  0x00000000       0xe4 obj/main.o

.debug_line     0x00000000      0x20b
 *(.debug_line)
 .debug_line    0x00000000      0x20b obj/main.o

.debug_frame
 *(.debug_frame)

.debug_str      0x00000000      0x10a
 *(.debug_str)
 .debug_str     0x00000000      0x10a obj/main.o
                                0x147 (size before relaxing)

.debug_loc
 *(.debug_loc)

.debug_macinfo
 *(.debug_macinfo)
OUTPUT(main.elf elf32-avr)

Cross Reference Table

Symbol                                            File
WaitMs                                            obj/main.o
__bad_interrupt                                   C:/WinAVR/bin/../lib/gcc/avr/3.4.6/../../../../avr/lib/avr4/crtm8.o
__bss_end                                         C:/WinAVR/lib/gcc/avr/3.4.6/avr4\libgcc.a(_clear_bss.o)
__bss_start                                       C:/WinAVR/lib/gcc/avr/3.4.6/avr4\libgcc.a(_clear_bss.o)
__data_end                                        C:/WinAVR/lib/gcc/avr/3.4.6/avr4\libgcc.a(_copy_data.o)
__data_load_start                                 C:/WinAVR/lib/gcc/avr/3.4.6/avr4\libgcc.a(_copy_data.o)
__data_start                                      C:/WinAVR/lib/gcc/avr/3.4.6/avr4\libgcc.a(_copy_data.o)
__do_clear_bss                                    C:/WinAVR/lib/gcc/avr/3.4.6/avr4\libgcc.a(_clear_bss.o)
                                                  obj/main.o
__do_copy_data                                    C:/WinAVR/lib/gcc/avr/3.4.6/avr4\libgcc.a(_copy_data.o)
                                                  obj/main.o
__heap_end                                        C:/WinAVR/bin/../lib/gcc/avr/3.4.6/../../../../avr/lib/avr4/crtm8.o
__init                                            C:/WinAVR/bin/../lib/gcc/avr/3.4.6/../../../../avr/lib/avr4/crtm8.o
__stack                                           C:/WinAVR/bin/../lib/gcc/avr/3.4.6/../../../../avr/lib/avr4/crtm8.o
                                                  obj/main.o
__udivmodhi4                                      C:/WinAVR/lib/gcc/avr/3.4.6/avr4\libgcc.a(_udivmodhi4.o)
                                                  obj/main.o
__vector_1                                        C:/WinAVR/bin/../lib/gcc/avr/3.4.6/../../../../avr/lib/avr4/crtm8.o
__vector_10                                       C:/WinAVR/bin/../lib/gcc/avr/3.4.6/../../../../avr/lib/avr4/crtm8.o
__vector_11                                       C:/WinAVR/bin/../lib/gcc/avr/3.4.6/../../../../avr/lib/avr4/crtm8.o
__vector_12                                       C:/WinAVR/bin/../lib/gcc/avr/3.4.6/../../../../avr/lib/avr4/crtm8.o
__vector_13                                       C:/WinAVR/bin/../lib/gcc/avr/3.4.6/../../../../avr/lib/avr4/crtm8.o
__vector_14                                       C:/WinAVR/bin/../lib/gcc/avr/3.4.6/../../../../avr/lib/avr4/crtm8.o
__vector_15                                       C:/WinAVR/bin/../lib/gcc/avr/3.4.6/../../../../avr/lib/avr4/crtm8.o
__vector_16                                       C:/WinAVR/bin/../lib/gcc/avr/3.4.6/../../../../avr/lib/avr4/crtm8.o
__vector_17                                       C:/WinAVR/bin/../lib/gcc/avr/3.4.6/../../../../avr/lib/avr4/crtm8.o
__vector_18                                       C:/WinAVR/bin/../lib/gcc/avr/3.4.6/../../../../avr/lib/avr4/crtm8.o
__vector_2                                        C:/WinAVR/bin/../lib/gcc/avr/3.4.6/../../../../avr/lib/avr4/crtm8.o
__vector_3                                        C:/WinAVR/bin/../lib/gcc/avr/3.4.6/../../../../avr/lib/avr4/crtm8.o
__vector_4                                        C:/WinAVR/bin/../lib/gcc/avr/3.4.6/../../../../avr/lib/avr4/crtm8.o
__vector_5                                        C:/WinAVR/bin/../lib/gcc/avr/3.4.6/../../../../avr/lib/avr4/crtm8.o
__vector_6                                        C:/WinAVR/bin/../lib/gcc/avr/3.4.6/../../../../avr/lib/avr4/crtm8.o
__vector_7                                        C:/WinAVR/bin/../lib/gcc/avr/3.4.6/../../../../avr/lib/avr4/crtm8.o
__vector_8                                        C:/WinAVR/bin/../lib/gcc/avr/3.4.6/../../../../avr/lib/avr4/crtm8.o
__vector_9                                        C:/WinAVR/bin/../lib/gcc/avr/3.4.6/../../../../avr/lib/avr4/crtm8.o
__vector_default                                  C:/WinAVR/bin/../lib/gcc/avr/3.4.6/../../../../avr/lib/avr4/crtm8.o
__vectors                                         C:/WinAVR/bin/../lib/gcc/avr/3.4.6/../../../../avr/lib/avr4/crtm8.o
_exit                                             C:/WinAVR/lib/gcc/avr/3.4.6/avr4\libgcc.a(_exit.o)
ch                                                obj/main.o
count                                             obj/main.o
dely_ns                                           obj/main.o
exit                                              C:/WinAVR/lib/gcc/avr/3.4.6/avr4\libgcc.a(_exit.o)
                                                  obj/main.o
hundred                                           obj/main.o
j                                                 obj/main.o
k                                                 obj/main.o
lcd_char                                          obj/main.o
lcd_cmd                                           obj/main.o
lcd_gotoxy1                                       obj/main.o
lcd_gotoxy2                                       obj/main.o
lcd_init                                          obj/main.o
lcd_showvalue                                     obj/main.o
lcd_string                                        obj/main.o
main                                              obj/main.o
                                                  C:/WinAVR/bin/../lib/gcc/avr/3.4.6/../../../../avr/lib/avr4/crtm8.o
one                                               obj/main.o
save                                              obj/main.o
ten                                               obj/main.o
tenthousand                                       obj/main.o
thousand                                          obj/main.o
toggleE                                           obj/main.o
